<?xml version="1.0" encoding="UTF-8"?>
<feed>
  <urlset xmlns="http://www.sitemaps.org/schemas/sitemap/0.9">
    <url>
      <loc>http://daniel.furzeface.com/test/fixtures/123.html</loc>
      <lastmod>2014-10-18T09:54:31.000Z</lastmod>
      <changefreq>weekly</changefreq>
      <priority>0.8</priority>
    </url>
    <url>
      <loc>http://daniel.furzeface.com/test/fixtures/abc.html</loc>
      <lastmod>2014-10-18T09:54:31.000Z</lastmod>
      <changefreq>weekly</changefreq>
      <priority>0.8</priority>
    </url>
  </urlset>
</feed>